[2026-02-11 22:00:34 +0800] [18349] [INFO] Starting gunicorn 22.0.0
[2026-02-11 22:00:34 +0800] [18349] [INFO] Listening at: http://0.0.0.0:3000 (18349)
[2026-02-11 22:00:34 +0800] [18349] [INFO] Using worker: sync
[2026-02-11 22:00:34 +0800] [18350] [INFO] Booting worker with pid: 18350
[2026-02-11 22:00:34 +0800] [18350] [ERROR] Exception in worker process
Traceback (most recent call last):
  File "/Users/OneMedia/scuba-admin/DivinG_BAZ/.venv/lib/python3.14/site-packages/gunicorn/arbiter.py", line 609, in spawn_worker
    worker.init_process()
    ~~~~~~~~~~~~~~~~~~~^^
  File "/Users/OneMedia/scuba-admin/DivinG_BAZ/.venv/lib/python3.14/site-packages/gunicorn/workers/base.py", line 134, in init_process
    self.load_wsgi()
    ~~~~~~~~~~~~~~^^
  File "/Users/OneMedia/scuba-admin/DivinG_BAZ/.venv/lib/python3.14/site-packages/gunicorn/workers/base.py", line 146, in load_wsgi
    self.wsgi = self.app.wsgi()
                ~~~~~~~~~~~~~^^
  File "/Users/OneMedia/scuba-admin/DivinG_BAZ/.venv/lib/python3.14/site-packages/gunicorn/app/base.py", line 67, in wsgi
    self.callable = self.load()
                    ~~~~~~~~~^^
  File "/Users/OneMedia/scuba-admin/DivinG_BAZ/.venv/lib/python3.14/site-packages/gunicorn/app/wsgiapp.py", line 58, in load
    return self.load_wsgiapp()
           ~~~~~~~~~~~~~~~~~^^
  File "/Users/OneMedia/scuba-admin/DivinG_BAZ/.venv/lib/python3.14/site-packages/gunicorn/app/wsgiapp.py", line 48, in load_wsgiapp
    return util.import_app(self.app_uri)
           ~~~~~~~~~~~~~~~^^^^^^^^^^^^^^
  File "/Users/OneMedia/scuba-admin/DivinG_BAZ/.venv/lib/python3.14/site-packages/gunicorn/util.py", line 371, in import_app
    mod = importlib.import_module(module)
  File "/Library/Frameworks/Python.framework/Versions/3.14/lib/python3.14/importlib/__init__.py", line 88, in import_module
    return _bootstrap._gcd_import(name[level:], package, level)
           ~~~~~~~~~~~~~~~~~~~~~~^^^^^^^^^^^^^^^^^^^^^^^^^^^^^^
  File "<frozen importlib._bootstrap>", line 1398, in _gcd_import
  File "<frozen importlib._bootstrap>", line 1371, in _find_and_load
  File "<frozen importlib._bootstrap>", line 1335, in _find_and_load_unlocked
ModuleNotFoundError: No module named 'app'
[2026-02-11 22:00:34 +0800] [18350] [INFO] Worker exiting (pid: 18350)
[2026-02-11 22:00:34 +0800] [18349] [ERROR] Worker (pid:18350) exited with code 3
[2026-02-11 22:00:34 +0800] [18349] [ERROR] Shutting down: Master
[2026-02-11 22:00:34 +0800] [18349] [ERROR] Reason: Worker failed to boot.
