[2026-02-11 21:59:36 +0800] [18012] [INFO] Starting gunicorn 22.0.0
[2026-02-11 21:59:36 +0800] [18012] [INFO] Listening at: http://127.0.0.1:3000 (18012)
[2026-02-11 21:59:36 +0800] [18012] [INFO] Using worker: sync
[2026-02-11 21:59:36 +0800] [18014] [INFO] Booting worker with pid: 18014
[2026-02-11 21:59:36 +0800] [18016] [INFO] Booting worker with pid: 18016
[2026-02-11 21:59:36 +0800] [18014] [ERROR] Exception in worker process
Traceback (most recent call last):
  File "/Users/OneMedia/scuba-admin/DivinG_BAZ/.venv/lib/python3.14/site-packages/gunicorn/arbiter.py", line 609, in spawn_worker
    worker.init_process()
    ~~~~~~~~~~~~~~~~~~~^^
  File "/Users/OneMedia/scuba-admin/DivinG_BAZ/.venv/lib/python3.14/site-packages/gunicorn/workers/base.py", line 134, in init_process
    self.load_wsgi()
    ~~~~~~~~~~~~~~^^
  File "/Users/OneMedia/scuba-admin/DivinG_BAZ/.venv/lib/python3.14/site-packages/gunicorn/workers/base.py", line 146, in load_wsgi
    self.wsgi = self.app.wsgi()
                ~~~~~~~~~~~~~^^
  File "/Users/OneMedia/scuba-admin/DivinG_BAZ/.venv/lib/python3.14/site-packages/gunicorn/app/base.py", line 67, in wsgi
    self.callable = self.load()
                    ~~~~~~~~~^^
  File "/Users/OneMedia/scuba-admin/DivinG_BAZ/.venv/lib/python3.14/site-packages/gunicorn/app/wsgiapp.py", line 58, in load
    return self.load_wsgiapp()
           ~~~~~~~~~~~~~~~~~^^
  File "/Users/OneMedia/scuba-admin/DivinG_BAZ/.venv/lib/python3.14/site-packages/gunicorn/app/wsgiapp.py", line 48, in load_wsgiapp
    return util.import_app(self.app_uri)
           ~~~~~~~~~~~~~~~^^^^^^^^^^^^^^
  File "/Users/OneMedia/scuba-admin/DivinG_BAZ/.venv/lib/python3.14/site-packages/gunicorn/util.py", line 371, in import_app
    mod = importlib.import_module(module)
  File "/Library/Frameworks/Python.framework/Versions/3.14/lib/python3.14/importlib/__init__.py", line 88, in import_module
    return _bootstrap._gcd_import(name[level:], package, level)
           ~~~~~~~~~~~~~~~~~~~~~~^^^^^^^^^^^^^^^^^^^^^^^^^^^^^^
  File "<frozen importlib._bootstrap>", line 1398, in _gcd_import
  File "<frozen importlib._bootstrap>", line 1371, in _find_and_load
  File "<frozen importlib._bootstrap>", line 1335, in _find_and_load_unlocked
ModuleNotFoundError: No module named 'app'
[2026-02-11 21:59:36 +0800] [18014] [INFO] Worker exiting (pid: 18014)
[2026-02-11 21:59:36 +0800] [18017] [INFO] Booting worker with pid: 18017
[2026-02-11 21:59:36 +0800] [18016] [ERROR] Exception in worker process
Traceback (most recent call last):
  File "/Users/OneMedia/scuba-admin/DivinG_BAZ/.venv/lib/python3.14/site-packages/gunicorn/arbiter.py", line 609, in spawn_worker
    worker.init_process()
    ~~~~~~~~~~~~~~~~~~~^^
  File "/Users/OneMedia/scuba-admin/DivinG_BAZ/.venv/lib/python3.14/site-packages/gunicorn/workers/base.py", line 134, in init_process
    self.load_wsgi()
    ~~~~~~~~~~~~~~^^
  File "/Users/OneMedia/scuba-admin/DivinG_BAZ/.venv/lib/python3.14/site-packages/gunicorn/workers/base.py", line 146, in load_wsgi
    self.wsgi = self.app.wsgi()
                ~~~~~~~~~~~~~^^
  File "/Users/OneMedia/scuba-admin/DivinG_BAZ/.venv/lib/python3.14/site-packages/gunicorn/app/base.py", line 67, in wsgi
    self.callable = self.load()
                    ~~~~~~~~~^^
  File "/Users/OneMedia/scuba-admin/DivinG_BAZ/.venv/lib/python3.14/site-packages/gunicorn/app/wsgiapp.py", line 58, in load
    return self.load_wsgiapp()
           ~~~~~~~~~~~~~~~~~^^
  File "/Users/OneMedia/scuba-admin/DivinG_BAZ/.venv/lib/python3.14/site-packages/gunicorn/app/wsgiapp.py", line 48, in load_wsgiapp
    return util.import_app(self.app_uri)
           ~~~~~~~~~~~~~~~^^^^^^^^^^^^^^
  File "/Users/OneMedia/scuba-admin/DivinG_BAZ/.venv/lib/python3.14/site-packages/gunicorn/util.py", line 371, in import_app
    mod = importlib.import_module(module)
  File "/Library/Frameworks/Python.framework/Versions/3.14/lib/python3.14/importlib/__init__.py", line 88, in import_module
    return _bootstrap._gcd_import(name[level:], package, level)
           ~~~~~~~~~~~~~~~~~~~~~~^^^^^^^^^^^^^^^^^^^^^^^^^^^^^^
  File "<frozen importlib._bootstrap>", line 1398, in _gcd_import
  File "<frozen importlib._bootstrap>", line 1371, in _find_and_load
  File "<frozen importlib._bootstrap>", line 1335, in _find_and_load_unlocked
ModuleNotFoundError: No module named 'app'
[2026-02-11 21:59:36 +0800] [18016] [INFO] Worker exiting (pid: 18016)
[2026-02-11 21:59:36 +0800] [18017] [ERROR] Exception in worker process
Traceback (most recent call last):
  File "/Users/OneMedia/scuba-admin/DivinG_BAZ/.venv/lib/python3.14/site-packages/gunicorn/arbiter.py", line 609, in spawn_worker
    worker.init_process()
    ~~~~~~~~~~~~~~~~~~~^^
  File "/Users/OneMedia/scuba-admin/DivinG_BAZ/.venv/lib/python3.14/site-packages/gunicorn/workers/base.py", line 134, in init_process
    self.load_wsgi()
    ~~~~~~~~~~~~~~^^
  File "/Users/OneMedia/scuba-admin/DivinG_BAZ/.venv/lib/python3.14/site-packages/gunicorn/workers/base.py", line 146, in load_wsgi
    self.wsgi = self.app.wsgi()
                ~~~~~~~~~~~~~^^
  File "/Users/OneMedia/scuba-admin/DivinG_BAZ/.venv/lib/python3.14/site-packages/gunicorn/app/base.py", line 67, in wsgi
    self.callable = self.load()
                    ~~~~~~~~~^^
  File "/Users/OneMedia/scuba-admin/DivinG_BAZ/.venv/lib/python3.14/site-packages/gunicorn/app/wsgiapp.py", line 58, in load
    return self.load_wsgiapp()
           ~~~~~~~~~~~~~~~~~^^
  File "/Users/OneMedia/scuba-admin/DivinG_BAZ/.venv/lib/python3.14/site-packages/gunicorn/app/wsgiapp.py", line 48, in load_wsgiapp
    return util.import_app(self.app_uri)
           ~~~~~~~~~~~~~~~^^^^^^^^^^^^^^
  File "/Users/OneMedia/scuba-admin/DivinG_BAZ/.venv/lib/python3.14/site-packages/gunicorn/util.py", line 371, in import_app
    mod = importlib.import_module(module)
  File "/Library/Frameworks/Python.framework/Versions/3.14/lib/python3.14/importlib/__init__.py", line 88, in import_module
    return _bootstrap._gcd_import(name[level:], package, level)
           ~~~~~~~~~~~~~~~~~~~~~~^^^^^^^^^^^^^^^^^^^^^^^^^^^^^^
  File "<frozen importlib._bootstrap>", line 1398, in _gcd_import
  File "<frozen importlib._bootstrap>", line 1371, in _find_and_load
  File "<frozen importlib._bootstrap>", line 1335, in _find_and_load_unlocked
ModuleNotFoundError: No module named 'app'
[2026-02-11 21:59:36 +0800] [18017] [INFO] Worker exiting (pid: 18017)
[2026-02-11 21:59:37 +0800] [18012] [ERROR] Worker (pid:18014) exited with code 3
[2026-02-11 21:59:37 +0800] [18012] [ERROR] Worker (pid:18017) was sent SIGTERM!
[2026-02-11 21:59:37 +0800] [18012] [ERROR] Worker (pid:18016) was sent SIGTERM!
[2026-02-11 21:59:37 +0800] [18012] [ERROR] Shutting down: Master
[2026-02-11 21:59:37 +0800] [18012] [ERROR] Reason: Worker failed to boot.
[2026-02-11 22:00:40 +0800] [18435] [INFO] Starting gunicorn 22.0.0
[2026-02-11 22:00:40 +0800] [18435] [INFO] Listening at: http://0.0.0.0:3000 (18435)
[2026-02-11 22:00:40 +0800] [18435] [INFO] Using worker: sync
[2026-02-11 22:00:40 +0800] [18436] [INFO] Booting worker with pid: 18436
[2026-02-11 22:00:40 +0800] [18437] [INFO] Booting worker with pid: 18437
[2026-02-11 22:00:40 +0800] [18436] [ERROR] Exception in worker process
Traceback (most recent call last):
  File "/Users/OneMedia/scuba-admin/DivinG_BAZ/.venv/lib/python3.14/site-packages/gunicorn/arbiter.py", line 609, in spawn_worker
    worker.init_process()
    ~~~~~~~~~~~~~~~~~~~^^
  File "/Users/OneMedia/scuba-admin/DivinG_BAZ/.venv/lib/python3.14/site-packages/gunicorn/workers/base.py", line 134, in init_process
    self.load_wsgi()
    ~~~~~~~~~~~~~~^^
  File "/Users/OneMedia/scuba-admin/DivinG_BAZ/.venv/lib/python3.14/site-packages/gunicorn/workers/base.py", line 146, in load_wsgi
    self.wsgi = self.app.wsgi()
                ~~~~~~~~~~~~~^^
  File "/Users/OneMedia/scuba-admin/DivinG_BAZ/.venv/lib/python3.14/site-packages/gunicorn/app/base.py", line 67, in wsgi
    self.callable = self.load()
                    ~~~~~~~~~^^
  File "/Users/OneMedia/scuba-admin/DivinG_BAZ/.venv/lib/python3.14/site-packages/gunicorn/app/wsgiapp.py", line 58, in load
    return self.load_wsgiapp()
           ~~~~~~~~~~~~~~~~~^^
  File "/Users/OneMedia/scuba-admin/DivinG_BAZ/.venv/lib/python3.14/site-packages/gunicorn/app/wsgiapp.py", line 48, in load_wsgiapp
    return util.import_app(self.app_uri)
           ~~~~~~~~~~~~~~~^^^^^^^^^^^^^^
  File "/Users/OneMedia/scuba-admin/DivinG_BAZ/.venv/lib/python3.14/site-packages/gunicorn/util.py", line 371, in import_app
    mod = importlib.import_module(module)
  File "/Library/Frameworks/Python.framework/Versions/3.14/lib/python3.14/importlib/__init__.py", line 88, in import_module
    return _bootstrap._gcd_import(name[level:], package, level)
           ~~~~~~~~~~~~~~~~~~~~~~^^^^^^^^^^^^^^^^^^^^^^^^^^^^^^
  File "<frozen importlib._bootstrap>", line 1398, in _gcd_import
  File "<frozen importlib._bootstrap>", line 1371, in _find_and_load
  File "<frozen importlib._bootstrap>", line 1335, in _find_and_load_unlocked
ModuleNotFoundError: No module named 'app'
[2026-02-11 22:00:40 +0800] [18436] [INFO] Worker exiting (pid: 18436)
[2026-02-11 22:00:40 +0800] [18439] [INFO] Booting worker with pid: 18439
[2026-02-11 22:00:40 +0800] [18437] [ERROR] Exception in worker process
Traceback (most recent call last):
  File "/Users/OneMedia/scuba-admin/DivinG_BAZ/.venv/lib/python3.14/site-packages/gunicorn/arbiter.py", line 609, in spawn_worker
    worker.init_process()
    ~~~~~~~~~~~~~~~~~~~^^
  File "/Users/OneMedia/scuba-admin/DivinG_BAZ/.venv/lib/python3.14/site-packages/gunicorn/workers/base.py", line 134, in init_process
    self.load_wsgi()
    ~~~~~~~~~~~~~~^^
  File "/Users/OneMedia/scuba-admin/DivinG_BAZ/.venv/lib/python3.14/site-packages/gunicorn/workers/base.py", line 146, in load_wsgi
    self.wsgi = self.app.wsgi()
                ~~~~~~~~~~~~~^^
  File "/Users/OneMedia/scuba-admin/DivinG_BAZ/.venv/lib/python3.14/site-packages/gunicorn/app/base.py", line 67, in wsgi
    self.callable = self.load()
                    ~~~~~~~~~^^
  File "/Users/OneMedia/scuba-admin/DivinG_BAZ/.venv/lib/python3.14/site-packages/gunicorn/app/wsgiapp.py", line 58, in load
    return self.load_wsgiapp()
           ~~~~~~~~~~~~~~~~~^^
  File "/Users/OneMedia/scuba-admin/DivinG_BAZ/.venv/lib/python3.14/site-packages/gunicorn/app/wsgiapp.py", line 48, in load_wsgiapp
    return util.import_app(self.app_uri)
           ~~~~~~~~~~~~~~~^^^^^^^^^^^^^^
  File "/Users/OneMedia/scuba-admin/DivinG_BAZ/.venv/lib/python3.14/site-packages/gunicorn/util.py", line 371, in import_app
    mod = importlib.import_module(module)
  File "/Library/Frameworks/Python.framework/Versions/3.14/lib/python3.14/importlib/__init__.py", line 88, in import_module
    return _bootstrap._gcd_import(name[level:], package, level)
           ~~~~~~~~~~~~~~~~~~~~~~^^^^^^^^^^^^^^^^^^^^^^^^^^^^^^
  File "<frozen importlib._bootstrap>", line 1398, in _gcd_import
  File "<frozen importlib._bootstrap>", line 1371, in _find_and_load
  File "<frozen importlib._bootstrap>", line 1335, in _find_and_load_unlocked
ModuleNotFoundError: No module named 'app'
[2026-02-11 22:00:40 +0800] [18437] [INFO] Worker exiting (pid: 18437)
[2026-02-11 22:00:40 +0800] [18439] [ERROR] Exception in worker process
Traceback (most recent call last):
  File "/Users/OneMedia/scuba-admin/DivinG_BAZ/.venv/lib/python3.14/site-packages/gunicorn/arbiter.py", line 609, in spawn_worker
    worker.init_process()
    ~~~~~~~~~~~~~~~~~~~^^
  File "/Users/OneMedia/scuba-admin/DivinG_BAZ/.venv/lib/python3.14/site-packages/gunicorn/workers/base.py", line 134, in init_process
    self.load_wsgi()
    ~~~~~~~~~~~~~~^^
  File "/Users/OneMedia/scuba-admin/DivinG_BAZ/.venv/lib/python3.14/site-packages/gunicorn/workers/base.py", line 146, in load_wsgi
    self.wsgi = self.app.wsgi()
                ~~~~~~~~~~~~~^^
  File "/Users/OneMedia/scuba-admin/DivinG_BAZ/.venv/lib/python3.14/site-packages/gunicorn/app/base.py", line 67, in wsgi
    self.callable = self.load()
                    ~~~~~~~~~^^
  File "/Users/OneMedia/scuba-admin/DivinG_BAZ/.venv/lib/python3.14/site-packages/gunicorn/app/wsgiapp.py", line 58, in load
    return self.load_wsgiapp()
           ~~~~~~~~~~~~~~~~~^^
  File "/Users/OneMedia/scuba-admin/DivinG_BAZ/.venv/lib/python3.14/site-packages/gunicorn/app/wsgiapp.py", line 48, in load_wsgiapp
    return util.import_app(self.app_uri)
           ~~~~~~~~~~~~~~~^^^^^^^^^^^^^^
  File "/Users/OneMedia/scuba-admin/DivinG_BAZ/.venv/lib/python3.14/site-packages/gunicorn/util.py", line 371, in import_app
    mod = importlib.import_module(module)
  File "/Library/Frameworks/Python.framework/Versions/3.14/lib/python3.14/importlib/__init__.py", line 88, in import_module
    return _bootstrap._gcd_import(name[level:], package, level)
           ~~~~~~~~~~~~~~~~~~~~~~^^^^^^^^^^^^^^^^^^^^^^^^^^^^^^
  File "<frozen importlib._bootstrap>", line 1398, in _gcd_import
  File "<frozen importlib._bootstrap>", line 1371, in _find_and_load
  File "<frozen importlib._bootstrap>", line 1335, in _find_and_load_unlocked
ModuleNotFoundError: No module named 'app'
[2026-02-11 22:00:40 +0800] [18439] [INFO] Worker exiting (pid: 18439)
[2026-02-11 22:00:40 +0800] [18435] [ERROR] Worker (pid:18436) exited with code 3
[2026-02-11 22:00:40 +0800] [18435] [ERROR] Worker (pid:18439) was sent SIGTERM!
[2026-02-11 22:00:40 +0800] [18435] [ERROR] Worker (pid:18437) was sent SIGTERM!
[2026-02-11 22:00:40 +0800] [18435] [ERROR] Shutting down: Master
[2026-02-11 22:00:40 +0800] [18435] [ERROR] Reason: Worker failed to boot.
